// Jest Snapshot v1, https://goo.gl/fbAQLP

exports[`ui/IconButton should do a snapshot test of the icon button DOM 1`] = `
<DocumentFragment>
  <button
    class=" sendbird-iconbutton "
    style="height: 56px; width: 56px;"
    type="button"
  >
    <span
      class="sendbird-iconbutton__inner"
    >
      <test-file-stub />
    </span>
  </button>
</DocumentFragment>
`;
