// Jest Snapshot v1, https://goo.gl/fbAQLP

exports[`ui/ChatHeader should do a snapshot test of the ChatHeader DOM 1`] = `
<DocumentFragment>
  <div
    class="sendbird-chat-header"
  >
    <div
      class="sendbird-chat-header__left"
    >
      <div
        class="sendbird-chat-header--avatar--group-channel sendbird-avatar"
        role="button"
        style="height: 32px; width: 32px;"
        tabindex="0"
      >
        <div
          class="sendbird-avatar-img sendbird-image-renderer"
          style="width: 100%; min-width: 32px; max-width: 400px; height: 32px;"
        >
          <div
            class="sendbird-image-renderer__image"
            style="width: 100%; min-width: 32px; max-width: 400px; height: 32px; position: absolute; background-repeat: no-repeat; background-position: center; background-size: cover; background-image: url();"
          />
          <img
            alt=""
            class="sendbird-image-renderer__hidden-image-loader"
            src=""
          />
        </div>
      </div>
      <span
        class="sendbird-chat-header__left__title sendbird-label sendbird-label--h-2 sendbird-label--color-onbackground-1"
        data-testid="sendbird-label"
      >
        Headline 2
      </span>
      <span
        class="sendbird-chat-header__left__subtitle sendbird-label sendbird-label--body-1 sendbird-label--color-onbackground-2"
        data-testid="sendbird-label"
      >
        Body text 2
      </span>
    </div>
    <div
      class="sendbird-chat-header__right"
    >
      <div
        class="sendbird-chat-header__right__mute sendbird-icon sendbird-icon-notifications-off-filled "
        data-testid="sendbird-icon"
        role="button"
        style="width: 24px; min-width: 24px; height: 24px; min-height: 24px;"
        tabindex="0"
      >
        <test-file-stub />
      </div>
      <button
        class="sendbird-chat-header__right__info sendbird-iconbutton "
        style="height: 32px; width: 32px;"
        type="button"
      >
        <span
          class="sendbird-iconbutton__inner"
        >
          <div
            class=" sendbird-icon sendbird-icon-info sendbird-icon-color--primary"
            data-testid="sendbird-icon"
            role="button"
            style="width: 24px; min-width: 24px; height: 24px; min-height: 24px;"
            tabindex="0"
          >
            <test-file-stub />
          </div>
        </span>
      </button>
    </div>
  </div>
</DocumentFragment>
`;
