// Jest Snapshot v1, https://goo.gl/fbAQLP

exports[`ui/LegacyChannelHeader should create a snapshot of a default ChannelHeader component 1`] = `
<DocumentFragment>
  <div
    class="sendbird-channel-header "
  >
    <div
      class="sendbird-channel-header__title"
      role="button"
      tabindex="0"
    >
      <div
        class="sendbird-channel-header__title__left"
      >
        <div
          class=" sendbird-avatar"
          role="button"
          style="height: 32px; width: 32px;"
          tabindex="0"
        >
          <div
            class="sendbird-avatar-img sendbird-image-renderer"
            style="width: 100%; min-width: min(400px, 32px); max-width: 400px;"
          >
            <div
              class="sendbird-avatar-img--default"
              style="width: 32px; height: 32px;"
            >
              <div
                class=" sendbird-icon sendbird-icon-user sendbird-icon-color--content"
                role="button"
                style="width: 18.4px; min-width: 18.4px; height: 18.4px; min-height: 18.4px;"
                tabindex="0"
              >
                <test-file-stub />
              </div>
            </div>
            <img
              alt=""
              class="sendbird-image-renderer__hidden-image-loader"
              src=""
            />
          </div>
        </div>
      </div>
      <div
        class="sendbird-channel-header__title__right"
      >
        <span
          class="sendbird-channel-header__title__right__name sendbird-label sendbird-label--subtitle-2 sendbird-label--color-onbackground-1"
        >
          (No name)
        </span>
        <span
          class="sendbird-channel-header__title__right__user-id sendbird-label sendbird-label--body-2 sendbird-label--color-onbackground-2"
        />
      </div>
    </div>
    <div
      class="sendbird-channel-header__right-icon"
    />
  </div>
</DocumentFragment>
`;
