// Jest Snapshot v1, https://goo.gl/fbAQLP

exports[`OGMessage should do a snapshot test of the OGMessage DOM 1`] = `
<div
  className=" sendbird-og-message sendbird-og-message--outgoing"
>
  <div
    className="sendbird-outgoing-og-message"
    style={
      Object {
        "paddingBottom": "8px",
        "paddingTop": "8px",
      }
    }
  >
    <div
      className="sendbird-outgoing-og-message--inner"
    >
      <div
        className="sendbird-outgoing-og-message--left-padding"
      >
        <div
          className="sendbird-outgoing-og-message__more"
        >
          <div
            className="sendbird-context-menu"
            style={
              Object {
                "display": "inline",
              }
            }
          >
            <button
              className="sendbird-outgoing-og-message__more__menu sendbird-iconbutton "
              disabled={false}
              onBlur={[Function]}
              onClick={[Function]}
              style={
                Object {
                  "height": "32px",
                  "width": "32px",
                }
              }
              type="button"
            >
              <span
                className="sendbird-iconbutton__inner"
              >
                <div
                  className=" sendbird-icon sendbird-icon-color--content-inverse"
                  onClick={[Function]}
                  onKeyDown={[Function]}
                  role="button"
                  style={
                    Object {
                      "height": "24px",
                      "minHeight": "24px",
                      "minWidth": "24px",
                      "width": "24px",
                    }
                  }
                  tabIndex="0"
                >
                  <test-file-stub />
                </div>
              </span>
            </button>
          </div>
        </div>
        <div
          className="sendbird-outgoing-og-message__message-status"
        >
          <div
            className=" sendbird-message-status"
          >
            <br />
          </div>
        </div>
      </div>
      <div
        className="sendbird-outgoing-og-message--body"
      >
        <div
          className="sendbird-outgoing-og-message__text-balloon"
        >
          <span
            className="sendbird-og-message-word sendbird-label sendbird-label--body-1 sendbird-label--color-oncontent-1"
          >
            go
          </span>
          <span
            className="sendbird-og-message-word sendbird-label sendbird-label--body-1 sendbird-label--color-oncontent-1"
          >
            to
          </span>
          <span
            className="sendbird-og-message-word sendbird-label sendbird-label--body-1 sendbird-label--color-oncontent-1"
          >
            this
          </span>
          <span
            className="sendbird-og-message-word sendbird-label sendbird-label--body-1 sendbird-label--color-oncontent-1"
          >
            link
          </span>
          <a
            className="sendbird-og-message-word sendbird-link-label sendbird-label--color-oncontent-1"
            href="http://sendbird.com"
            rel="noopener noreferrer"
            target="_blank"
          >
            <span
              className="sendbird-link-label__label sendbird-label sendbird-label--body-1 sendbird-label--color-oncontent-1"
            >
              sendbird.com
            </span>
          </a>
          <span
            className="sendbird-og-message-word sendbird-label sendbird-label--body-1 sendbird-label--color-oncontent-1"
          >
            it
          </span>
          <span
            className="sendbird-og-message-word sendbird-label sendbird-label--body-1 sendbird-label--color-oncontent-1"
          >
            will
          </span>
          <span
            className="sendbird-og-message-word sendbird-label sendbird-label--body-1 sendbird-label--color-oncontent-1"
          >
            be
          </span>
          <span
            className="sendbird-og-message-word sendbird-label sendbird-label--body-1 sendbird-label--color-oncontent-1"
          >
            usefull
          </span>
          <span
            className="sendbird-og-message-word sendbird-label sendbird-label--body-1 sendbird-label--color-oncontent-1"
          >
            to
          </span>
          <span
            className="sendbird-og-message-word sendbird-label sendbird-label--body-1 sendbird-label--color-oncontent-1"
          >
            you!!
          </span>
        </div>
        <div
          className="sendbird-outgoing-og-message__thumbnail "
          onClick={[Function]}
          onKeyDown={[Function]}
          role="button"
          tabIndex={0}
        >
          <div
            className="sendbird-outgoing-og-message__thumbnail__image sendbird-image-renderer"
            style={
              Object {
                "height": "180px",
                "width": "320px",
              }
            }
          >
            <div
              className="sendbird-image-renderer__image"
              style={
                Object {
                  "backgroundImage": "url(https://static.sendbird.com/sample/profiles/profile_12_512px.png)",
                  "backgroundPosition": "center",
                  "backgroundRepeat": "no-repeat",
                  "backgroundSize": "cover",
                  "borderRadius": null,
                  "height": "180px",
                  "position": "absolute",
                  "width": "320px",
                }
              }
            />
            <img
              alt="test"
              className="sendbird-image-renderer__hidden-image-loader"
              onError={[Function]}
              onLoad={[Function]}
              src="https://static.sendbird.com/sample/profiles/profile_12_512px.png"
            />
          </div>
        </div>
        <div
          className="sendbird-outgoing-og-message__og-tag "
          onClick={[Function]}
          onKeyDown={[Function]}
          role="button"
          tabIndex={0}
        >
          <div
            className="sendbird-outgoing-og-message__og-tag__title"
          >
            <span
              className="sendbird-label sendbird-label--subtitle-2 sendbird-label--color-onbackground-1"
            >
              This is the TITLE
            </span>
          </div>
          <div
            className="sendbird-outgoing-og-message__og-tag__description"
          >
            <span
              className="sendbird-outgoing-og-message__og-tag__description__label sendbird-label sendbird-label--body-2 sendbird-label--color-onbackground-1"
            >
              I'm description I'm description I'm description I'm description 
            </span>
          </div>
          <span
            className="sendbird-outgoing-og-message__og-tag__url sendbird-label sendbird-label--caption-3 sendbird-label--color-onbackground-2"
          >
            https://sendbird.com/
          </span>
        </div>
      </div>
    </div>
  </div>
</div>
`;
