// Jest Snapshot v1, https://goo.gl/fbAQLP

exports[`ui/Loader should do a snapshot test of the default Loader DOM 1`] = `
<DocumentFragment>
  <div
    class=" sendbird-loader"
    style="width: 26px; height: 26px;"
  >
    <div
      class=" sendbird-icon sendbird-icon-spinner "
      role="button"
      style="width: 26px; min-width: 26px; height: 26px; min-height: 26px;"
      tabindex="0"
    >
      <test-file-stub />
    </div>
  </div>
</DocumentFragment>
`;
