// Jest Snapshot v1, https://goo.gl/fbAQLP

exports[`ui/OGMessageItemBody should do a snapshot test of the OGMessageItemBody DOM 1`] = `
<DocumentFragment>
  <div
    class=" sendbird-og-message-item-body incoming  "
  >
    <span
      class="sendbird-label sendbird-label--body-1 sendbird-label--color-onbackground-1"
    >
      <div
        class="sendbird-og-message-item-body__text-bubble"
      >
        example-text
      </div>
    </span>
    <div
      class="sendbird-og-message-item-body__og-thumbnail "
    >
      <div
        class="sendbird-og-message-item-body__og-thumbnail__image sendbird-image-renderer"
        style="width: 100%; min-width: min(400px, 100%); max-width: 400px;"
      >
        <div
          class="sendbird-image-renderer__image"
          style="width: 100%; min-width: min(400px, 100%); max-width: 400px; position: absolute; background-repeat: no-repeat; background-position: center; background-size: cover; background-image: url(https://image-url.com);"
        />
        <img
          alt=""
          class="sendbird-image-renderer__hidden-image-loader"
          src="https://image-url.com"
        />
      </div>
    </div>
    <div
      class="sendbird-og-message-item-body__description"
    >
      <span
        class="sendbird-og-message-item-body__description__title sendbird-label sendbird-label--subtitle-2 sendbird-label--color-onbackground-1"
      >
        example-text
      </span>
      <span
        class="sendbird-og-message-item-body__description__description sendbird-label sendbird-label--body-2 sendbird-label--color-onbackground-1"
      >
        example-text
      </span>
      <span
        class="sendbird-og-message-item-body__description__url sendbird-label sendbird-label--caption-3 sendbird-label--color-onbackground-2"
      >
        example-text
      </span>
    </div>
    <div
      class="sendbird-og-message-item-body__cover"
    />
  </div>
</DocumentFragment>
`;
