// Jest Snapshot v1, https://goo.gl/fbAQLP

exports[`OGMessageItemBody should do a snapshot test of the OGMessageItemBody DOM 1`] = `
<div
  className=" sendbird-og-message-item-body incoming  "
>
  <span
    className="sendbird-label sendbird-label--body-1 sendbird-label--color-onbackground-1"
  >
    <p
      className="sendbird-og-message-item-body__text-bubble"
    />
  </span>
  <div
    className="sendbird-og-message-item-body__og-thumbnail"
    onClick={[Function]}
  >
    <div
      className="sendbird-og-message-item-body__og-thumbnail__image sendbird-image-renderer"
      style={
        Object {
          "height": "180px",
          "maxWidth": "400px",
          "minWidth": "320px",
          "width": "100%",
        }
      }
    >
      <div
        className="sendbird-image-renderer__image"
        style={
          Object {
            "backgroundImage": "url()",
            "backgroundPosition": "center",
            "backgroundRepeat": "no-repeat",
            "backgroundSize": "cover",
            "borderRadius": null,
            "height": "180px",
            "maxWidth": "400px",
            "minWidth": "320px",
            "position": "absolute",
            "width": "100%",
          }
        }
      />
      <img
        alt=""
        className="sendbird-image-renderer__hidden-image-loader"
        onError={[Function]}
        onLoad={[Function]}
        src=""
      />
    </div>
  </div>
  <div
    className="sendbird-og-message-item-body__description"
    onClick={[Function]}
  />
  <div
    className="sendbird-og-message-item-body__cover"
  />
</div>
`;
