// Vitest Snapshot v1, https://vitest.dev/guide/snapshot.html

exports[`ui/MentionUserLabel > should do a snapshot test of the MentionUserLabel DOM 1`] = `
<DocumentFragment>
  <span
    class="sendbird-mention-user-label"
    contenteditable="false"
    data-sb-mention="true"
  />
</DocumentFragment>
`;
