// Jest Snapshot v1, https://goo.gl/fbAQLP

exports[`ui/TextButton should do a snapshot test of the TextButton DOM 1`] = `
<DocumentFragment>
  <div
    class=" sendbird-color--onbackground-1 sendbird-textbutton "
    role="button"
    tabindex="0"
  >
    Textbutton
  </div>
</DocumentFragment>
`;
