// Jest Snapshot v1, https://goo.gl/fbAQLP

exports[`ReplyingMessageItemBody should do a snapshot test of the ReplyingMessageItemBody DOM 1`] = `
<div
  className=" sendbird-replying-message-item-body outgoing"
>
  <div
    className="sendbird-replying-message-item-body__replied-to"
  >
    <div
      className="sendbird-replying-message-item-body__replied-to__icon sendbird-icon sendbird-icon-reply sendbird-icon-color--on-background-3"
      onClick={[Function]}
      onKeyDown={[Function]}
      role="button"
      style={
        Object {
          "height": "12px",
          "minHeight": "12px",
          "minWidth": "12px",
          "width": "12px",
        }
      }
      tabIndex="0"
    >
      <test-file-stub />
    </div>
    <span
      className="sendbird-replying-message-item-body__replied-to__text sendbird-label sendbird-label--caption-2 sendbird-label--color-onbackground-3"
    >
      Simon replied to Gabie
    </span>
  </div>
  <div
    className="sendbird-replying-message-item-body__replied-message"
  >
    <div
      className="sendbird-replying-message-item-body__replied-message__text-message"
    >
      <span
        className="sendbird-replying-message-item-body__replied-message__text-message__word sendbird-label sendbird-label--body-2 sendbird-label--color-onbackground-3"
      >
        Hello nice to meet you
      </span>
    </div>
  </div>
</div>
`;
