// Jest Snapshot v1, https://goo.gl/fbAQLP

exports[`ui/SortByRow should do a snapshot test of the SortByRow DOM 1`] = `
<DocumentFragment>
  <div
    class="exam-classname sendbird-sort-by-row"
    style="width: 352px; height: 40px;"
  >
    onetwothreefourfivesixseveneight
  </div>
  <div
    class="exam-classname sendbird-sort-by-row"
    style="width: 352px; height: 40px;"
  >
    nine
  </div>
</DocumentFragment>
`;
