// Jest Snapshot v1, https://goo.gl/fbAQLP

exports[`ui/ConnectionStatus should render ConnectionStatus 1`] = `
<DocumentFragment>
  <div
    class="sendbird-connection-status"
  >
    <span
      class="sendbird-label sendbird-label--body-2 sendbird-label--color-onbackground-2"
      data-testid="sendbird-label"
    >
      Trying to connect…
    </span>
    <div
      class=" sendbird-icon sendbird-icon-disconnected sendbird-icon-color--sent"
      data-testid="sendbird-icon"
      role="button"
      style="width: 14px; min-width: 14px; height: 14px; min-height: 14px;"
      tabindex="0"
    >
      <test-file-stub />
    </div>
  </div>
</DocumentFragment>
`;
