// Jest Snapshot v1, https://goo.gl/fbAQLP

exports[`OpenchannelThumbnailMessage should do a snapshot test of the OpenchannelThumbnailMessage DOM 1`] = `
<div
  className=" sendbird-openchannel-thumbnail-message"
>
  <div
    className="sendbird-openchannel-thumbnail-message__left"
  >
    <div
      className="sendbird-context-menu"
      style={
        Object {
          "display": "inline",
        }
      }
    >
      <div
        className="sendbird-openchannel-thumbnail-message__left__avatar sendbird-avatar"
        onClick={[Function]}
        onKeyDown={[Function]}
        role="button"
        style={
          Object {
            "height": "28px",
            "width": "28px",
          }
        }
        tabIndex={0}
      >
        <div
          className="sendbird-avatar-img sendbird-image-renderer"
          style={
            Object {
              "height": "28px",
              "maxWidth": "400px",
              "minWidth": "28px",
              "width": "100%",
            }
          }
        >
          <div
            className="sendbird-image-renderer__image"
            style={
              Object {
                "backgroundImage": "url(https://static.sendbird.com/sample/profiles/profile_15_512px.png)",
                "backgroundPosition": "center",
                "backgroundRepeat": "no-repeat",
                "backgroundSize": "cover",
                "borderRadius": null,
                "height": "28px",
                "maxWidth": "400px",
                "minWidth": "28px",
                "position": "absolute",
                "width": "100%",
              }
            }
          />
          <img
            alt=""
            className="sendbird-image-renderer__hidden-image-loader"
            onError={[Function]}
            onLoad={[Function]}
            src="https://static.sendbird.com/sample/profiles/profile_15_512px.png"
          />
        </div>
      </div>
    </div>
  </div>
  <div
    className="sendbird-openchannel-thumbnail-message__right"
  >
    <div
      className="sendbird-openchannel-thumbnail-message__right__title"
    >
      <span
        className="sendbird-openchannel-thumbnail-message__right__title__sender-name sendbird-label sendbird-label--caption-2 sendbird-label--color-onbackground-2"
      >
        hoon102
      </span>
      <span
        className="sendbird-openchannel-thumbnail-message__right__title__sent-at sendbird-label sendbird-label--caption-3 sendbird-label--color-onbackground-3"
      >
        mock-date
      </span>
    </div>
    <div
      className="sendbird-openchannel-thumbnail-message__right__body"
    >
      <div
        className="sendbird-openchannel-thumbnail-message__right__body__wrap"
        onClick={[Function]}
        onKeyDown={[Function]}
        role="button"
        tabIndex={0}
      >
        <div
          className="sendbird-openchannel-thumbnail-message__right__body__wrap__overlay"
        />
        <div
          className="sendbird-openchannel-thumbnail-message__right__body__wrap__image sendbird-image-renderer"
          style={
            Object {
              "height": "270px",
              "maxWidth": "400px",
              "minWidth": 360,
              "width": "100%",
            }
          }
        >
          <div
            style={
              Object {
                "alignItems": "center",
                "display": "flex",
                "height": "270px",
                "justifyContent": "center",
                "maxWidth": "400px",
                "minWidth": 360,
                "position": "absolute",
                "width": "100%",
              }
            }
          >
            <div
              className=" sendbird-icon sendbird-icon-photo sendbird-icon-color--on-background-2"
              onClick={[Function]}
              onKeyDown={[Function]}
              role="button"
              style={
                Object {
                  "height": "56px",
                  "minHeight": "56px",
                  "minWidth": "56px",
                  "width": "56px",
                }
              }
              tabIndex="0"
            >
              <test-file-stub />
            </div>
          </div>
          <div
            className="sendbird-image-renderer__image"
            style={
              Object {
                "backgroundImage": "url(https://sendbird-staging.s3.amazonaws.com/26FA710D-A7F6-4483-ABEA-1F07A07A112E/upload/n/e49e0a4111d4445a8840bd51f3c9d933.png)",
                "backgroundPosition": "center",
                "backgroundRepeat": "no-repeat",
                "backgroundSize": "cover",
                "borderRadius": null,
                "height": "270px",
                "maxWidth": "400px",
                "minWidth": 360,
                "position": "absolute",
                "width": "100%",
              }
            }
          />
          <img
            alt="image"
            className="sendbird-image-renderer__hidden-image-loader"
            onError={[Function]}
            onLoad={[Function]}
            src="https://sendbird-staging.s3.amazonaws.com/26FA710D-A7F6-4483-ABEA-1F07A07A112E/upload/n/e49e0a4111d4445a8840bd51f3c9d933.png"
          />
        </div>
      </div>
    </div>
  </div>
  <div
    className="sendbird-openchannel-thumbnail-message__context-menu"
  >
    <div
      className="sendbird-context-menu"
      style={
        Object {
          "display": "inline",
        }
      }
    >
      <button
        className="sendbird-openchannel-thumbnail-message__context-menu--icon sendbird-iconbutton "
        disabled={false}
        onBlur={[Function]}
        onClick={[Function]}
        style={
          Object {
            "height": "32px",
            "width": "32px",
          }
        }
        type="button"
      >
        <span
          className="sendbird-iconbutton__inner"
        >
          <div
            className=" sendbird-icon sendbird-icon-more sendbird-icon-color--content-inverse"
            onClick={[Function]}
            onKeyDown={[Function]}
            role="button"
            style={
              Object {
                "height": "24px",
                "minHeight": "24px",
                "minWidth": "24px",
                "width": "24px",
              }
            }
            tabIndex="0"
          >
            <test-file-stub />
          </div>
        </span>
      </button>
    </div>
  </div>
</div>
`;
