// Jest Snapshot v1, https://goo.gl/fbAQLP

exports[`ui/UnknownMessageItemBody should do a snapshot test of the UnknownMessageItemBody DOM 1`] = `
<DocumentFragment>
  <div
    class="class-name-for-snapshot sendbird-unknown-message-item-body outgoing mouse-hover "
  >
    <span
      class="sendbird-unknown-message-item-body__header sendbird-label sendbird-label--body-1 sendbird-label--color-oncontent-1"
    >
      (Unknown message type)
    </span>
    <span
      class="sendbird-unknown-message-item-body__description sendbird-label sendbird-label--body-1 sendbird-label--color-oncontent-2"
    >
      Cannot read this message.
    </span>
  </div>
</DocumentFragment>
`;
