// Jest Snapshot v1, https://goo.gl/fbAQLP

exports[`ui/TooltipWrapper should do a snapshot test of the TooltipWrapper DOM 1`] = `
<DocumentFragment>
  <div
    class=" sendbird-tooltip-wrapper"
  >
    <div
      class="sendbird-tooltip-wrapper__children"
    >
      <div
        class=" sendbird-icon sendbird-icon-add sendbird-icon-color--primary"
        role="button"
        style="width: 26px; min-width: 26px; height: 26px; min-height: 26px;"
        tabindex="0"
      >
        <test-file-stub />
      </div>
    </div>
  </div>
</DocumentFragment>
`;
