// Jest Snapshot v1, https://goo.gl/fbAQLP

exports[`TooltipWrapper should do a snapshot test of the TooltipWrapper DOM 1`] = `
<div
  className=" sendbird-tooltip-wrapper"
  onBlur={[Function]}
  onFocus={[Function]}
  onMouseOut={[Function]}
  onMouseOver={[Function]}
>
  <div
    className="sendbird-tooltip-wrapper__children"
  >
    <div
      className=" sendbird-icon sendbird-icon-add sendbird-icon-color--primary"
      onClick={[Function]}
      onKeyDown={[Function]}
      role="button"
      style={
        Object {
          "height": "26px",
          "minHeight": "26px",
          "minWidth": "26px",
          "width": "26px",
        }
      }
      tabIndex="0"
    >
      <test-file-stub />
    </div>
  </div>
</div>
`;
