// Jest Snapshot v1, https://goo.gl/fbAQLP

exports[`ui/ThumbnailMessageItemBody should do a snapshot test of the ThumbnailMessageItemBody DOM 1`] = `
<DocumentFragment>
  <div
    class="classname-for-snapshot sendbird-thumbnail-message-item-body outgoing mouse-hover "
  >
    <div
      class="sendbird-thumbnail-message-item-body__thumbnail sendbird-image-renderer"
      style="width: 100%; min-width: 360px; max-width: 400px; height: 270px;"
    >
      <div
        class="sendbird-thumbnail-message-item-body__placeholder"
      >
        <div
          class="sendbird-thumbnail-message-item-body__placeholder__icon"
        >
          <div
            class=" sendbird-icon sendbird-icon-photo sendbird-icon-color--on-background-2"
            role="button"
            style="width: 34px; min-width: 34px; height: 34px; min-height: 34px;"
            tabindex="0"
          >
            <test-file-stub />
          </div>
        </div>
      </div>
      <div
        class="sendbird-image-renderer__image"
        style="width: 100%; min-width: 360px; max-width: 400px; height: 270px; position: absolute; background-repeat: no-repeat; background-position: center; background-size: cover; background-image: url(https://static.sendbird.com/sample/user_sdk/user_sdk_25.png);"
      />
      <img
        alt="image/png"
        class="sendbird-image-renderer__hidden-image-loader"
        src="https://static.sendbird.com/sample/user_sdk/user_sdk_25.png"
      />
    </div>
    <div
      class="sendbird-thumbnail-message-item-body__image-cover"
    />
  </div>
</DocumentFragment>
`;
