// Jest Snapshot v1, https://goo.gl/fbAQLP

exports[`ui/QuoteMessage should do a snapshot test of the ReplyingMessageItemBody DOM 1`] = `
<DocumentFragment>
  <div
    class=" sendbird-quote-message outgoing"
  >
    <div
      class="sendbird-quote-message__replied-to"
    >
      <div
        class="sendbird-quote-message__replied-to__icon sendbird-icon sendbird-icon-reply sendbird-icon-color--on-background-3"
        data-testid="sendbird-icon"
        role="button"
        style="width: 12px; min-width: 12px; height: 12px; min-height: 12px;"
        tabindex="0"
      >
        <test-file-stub />
      </div>
      <span
        class="sendbird-quote-message__replied-to__text sendbird-label sendbird-label--caption-2 sendbird-label--color-onbackground-3"
        data-testid="sendbird-label"
      >
        Simon replied to undefined
      </span>
    </div>
    <div
      class="sendbird-quote-message__replied-message"
    />
  </div>
</DocumentFragment>
`;
