// Jest Snapshot v1, https://goo.gl/fbAQLP

exports[`FileMessageItemBody should do a snapshot test of the FileMessageItemBody DOM 1`] = `
<div
  className=" sendbird-file-message-item-body incoming "
>
  <div
    className="sendbird-file-message-item-body__file-icon"
  >
    <div
      className="sendbird-file-message-item-body__file-icon__icon sendbird-icon sendbird-icon-color--primary"
      onClick={[Function]}
      onKeyDown={[Function]}
      role="button"
      style={
        Object {
          "height": "24px",
          "minHeight": "24px",
          "minWidth": "24px",
          "width": "24px",
        }
      }
      tabIndex="0"
    >
      <test-file-stub />
    </div>
  </div>
  <div
    className="sendbird-file-message-item-body__file-name sendbird-color--onbackground-1 sendbird-textbutton "
    onClick={[Function]}
    onKeyPress={[Function]}
    role="button"
    tabIndex={0}
  >
    <span
      className="sendbird-file-message-item-body__file-name__text sendbird-label sendbird-label--body-1 sendbird-label--color-onbackground-1"
    >
      
    </span>
  </div>
</div>
`;
