// Jest Snapshot v1, https://goo.gl/fbAQLP

exports[`ui/Word should do a snapshot test of the Word DOM 1`] = `
<DocumentFragment>
  <span
    class="sendbird-word"
  >
    hello
    <div
      class="sendbird-context-menu"
      style="display: inline;"
    >
      <a
        class="
            sendbird-word__mention
            
          "
      >
        <span
          class="sendbird-label sendbird-label--caption-1 sendbird-label--color-onbackground-1"
        >
          @Hoon Baek
        </span>
      </a>
    </div>
  </span>
</DocumentFragment>
`;
