// Jest Snapshot v1, https://goo.gl/fbAQLP

exports[`Badge should do a snapshot test of the Badge DOM 1`] = `
<DocumentFragment>
  <div
    class=" sendbird-badge"
  >
    <div
      class="sendbird-badge__text"
    >
      <span
        class="sendbird-label sendbird-label--caption-2 sendbird-label--color-oncontent-1"
      >
        1
      </span>
    </div>
  </div>
</DocumentFragment>
`;
